### Step 2A
Mo@Maries-MacBook-Air ~ % pwd
/Users/Mo
Mo@Maries-MacBook-Air ~ % 
### Step 2B
Mo@Maries-MacBook-Air ~ % cd /Users/Mo/Desktop
Mo@Maries-MacBook-Air Desktop % 

### Step 2C
Mo@Maries-MacBook-Air Desktop % cd /Users/Mo/Desktop/unit-1-git-practice
Mo@Maries-MacBook-Air unit-1-git-practice % 

### Step 2D
Mo@Maries-MacBook-Air unit-1-git-practice % pwd
/Users/Mo/Desktop/unit-1-git-practice

### Step 2E
Mo@Maries-MacBook-Air unit-1-git-practice % ls
my-steps.txt

### Step 2F
my-steps.txt

### Step 2G
Mo@Maries-MacBook-Air unit-1-git-practice % cd ~
Mo@Maries-MacBook-Air ~ % 

### Step 2H
Mo@Maries-MacBook-Air ~ % pwd
/Users/Mo

### Step 2I
Mo@Maries-MacBook-Air ~ % ls
Applications	Documents	Library		Music		Public
Desktop		Downloads	Movies		Pictures

### Step 2J
Mo@Maries-MacBook-Air ~ % cd ~
Mo@Maries-MacBook-Air ~ % 

### Step 2K
Mo@Maries-MacBook-Air ~ % cd /Users/Mo/Desktop/unit-1-git-practice 
Mo@Maries-MacBook-Air unit-1-git-practice % 

### Step 3A
Mo@Maries-MacBook-Air unit-1-git-practice % mkdir veggies
Mo@Maries-MacBook-Air unit-1-git-practice % mkdir meats
Mo@Maries-MacBook-Air unit-1-git-practice % mkdir desserts

### Step 3B
Mo@Maries-MacBook-Air unit-1-git-practice % mv desserts sweets

### Step 3C
Mo@Maries-MacBook-Air unit-1-git-practice % mkdir proteins

### Step 3D
Mo@Maries-MacBook-Air unit-1-git-practice % mv meats proteins

### Step 3E
Mo@Maries-MacBook-Air unit-1-git-practice % cd /Users/Mo/Desktop/unit-1-git-practice/veggies 
Mo@Maries-MacBook-Air veggies % touch carrot.txt
Mo@Maries-MacBook-Air veggies % touch pea.txt

### Step 3F
Mo@Maries-MacBook-Air sweets % cd ..
Mo@Maries-MacBook-Air unit-1-git-practice % cd unit-1-git-practice/sweets
cd: no such file or directory: unit-1-git-practice/sweets
Mo@Maries-MacBook-Air unit-1-git-practice % cd /Users/Mo/Desktop/unit-1-git-practice/sweets
Mo@Maries-MacBook-Air sweets % touch cookie.text
Mo@Maries-MacBook-Air sweets % ls
cookie.text

### Step 3G
Mo@Maries-MacBook-Air sweets % mv cookie.text donut.txt

### Step 3H
Mo@Maries-MacBook-Air sweets % cd ..
Mo@Maries-MacBook-Air unit-1-git-practice % touch thing.txt

### Step 3I
Mo@Maries-MacBook-Air unit-1-git-practice % cp thing.txt tofu.txt

### Step 3J
Mo@Maries-MacBook-Air unit-1-git-practice % mv tofu.txt proteins

### Step 3K
Mo@Maries-MacBook-Air unit-1-git-practice % cp thing.txt crab.txt
Mo@Maries-MacBook-Air unit-1-git-practice % mv crab.txt meats

### Step 3L
Mo@Maries-MacBook-Air unit-1-git-practice % rm thing.txt

### Step 3M
Mo@Maries-MacBook-Air unit-1-git-practice % cp -r veggies plants

### Step 3N
Mo@Maries-MacBook-Air unit-1-git-practice % mkdir drinks
Mo@Maries-MacBook-Air unit-1-git-practice % rm -r drinks

### Step 4
Last login: Tue Apr  5 18:20:56 on ttys000
Mo@Maries-MacBook-Air ~ % cd Desktop/unit-1-git-practice
Mo@Maries-MacBook-Air unit-1-git-practice % git init
Reinitialized existing Git repository in /Users/Mo/Desktop/unit-1-git-practice/.git/
Mo@Maries-MacBook-Air unit-1-git-practice % git add .
Mo@Maries-MacBook-Air unit-1-git-practice % git status
On branch master
nothing to commit, working tree clean
Mo@Maries-MacBook-Air unit-1-git-practice % git commit -m "first git to github"
On branch master
nothing to commit, working tree clean


### Step 5
Mo@Maries-MacBook-Air unit-1-git-practice % git remote add origin https://github.com/Momason97/git-to-github-.git
git branch -M main
git push -u origin main
Enumerating objects: 8, done.
Counting objects: 100% (8/8), done.
Delta compression using up to 4 threads
Compressing objects: 100% (5/5), done.
Writing objects: 100% (8/8), 1.32 KiB | 678.00 KiB/s, done.
Total 8 (delta 0), reused 0 (delta 0), pack-reused 0
To https://github.com/Momason97/git-to-github-.git
 * [new branch]      main -> main
Branch 'main' set up to track remote branch 'main' from 'origin'.
Mo@Maries-MacBook-Air unit-1-git-practice % 

### Step 6


### Step 7
*** DO NOT RECORD STEP 7 **